HI-TECH Software C Compiler 

Linker command line:

--edf=C:\Program Files (x86)\HI-TECH Software\PICC\9.83\dat\en_msgs.txt -cs \
  -h+lab2 part 1.sym -z -Q16F877A -ol.obj -Mlab2 part 1.map -E1 \
  -ACONST=00h-0FFhx32 -ACODE=00h-07FFhx4 -ASTRCODE=00h-01FFFh \
  -AENTRY=00h-0FFhx32 -ASTRING=00h-0FFhx32 -ABANK0=020h-06Fh \
  -ABANK1=0A0h-0EFh -ABANK2=0110h-016Fh -ABANK3=0190h-01EFh \
  -ARAM=020h-06Fh,0A0h-0EFh,0110h-016Fh,0190h-01EFh \
  -AABS1=020h-07Fh,0A0h-0EFh,0110h-016Fh,0190h-01EFh -ACOMMON=070h-07Fh \
  -ASFR0=00h-01Fh -ASFR1=080h-09Fh -ASFR2=0100h-010Fh -ASFR3=0180h-018Fh \
  -preset_vec=00h,intentry,init,end_init -ppowerup=CODE -pfunctab=CODE \
  -ACONFIG=02007h-02007h -pconfig=CONFIG -DCONFIG=2 -AIDLOC=02000h-02003h \
  -pidloc=IDLOC -DIDLOC=2 -AEEDATA=00h-0FFh/02100h -peeprom_data=EEDATA \
  -DEEDATA=2 -DCODE=2 -DSTRCODE=2 -DSTRING=2 -DCONST=2 -DENTRY=2 -k \
  startup.obj lab2 part 1.obj 

Object code version is 3.10

Machine type is 16F877A



                Name                               Link     Load   Length Selector   Space Scale
startup.obj     end_init                              0        0        3        0       0
lab2 part 1.obj config                             2007     2007        1     400E       0
                text169                             60A      60A       21      C14       0
                text168                             5FB      5FB        F      BF6       0
                text167                             659      659       74      CB2       0
                text166                             6CD      6CD      133      D9A       0
                maintext                            62B      62B       2E      C56       0
                cstackBANK0                          27       27        4       20       1
                cstackCOMMON                         70       70        D       70       1
                bssBANK0                             20       20        7       20       1
                cinit                               5F0      5F0        B      BE0       0

TOTAL           Name                               Link     Load   Length     Space
        CLASS   CONST          

        CLASS   CODE           
                end_init                              0        0        3         0
                text169                             60A      60A       21         0
                text168                             5FB      5FB        F         0
                text167                             659      659       74         0
                text166                             6CD      6CD      133         0
                maintext                            62B      62B       2E         0
                cinit                               5F0      5F0        B         0

        CLASS   STRCODE        

        CLASS   ENTRY          

        CLASS   STRING         

        CLASS   BANK0          
                cstackBANK0                          27       27        4         1
                bssBANK0                             20       20        7         1

        CLASS   BANK1          

        CLASS   BANK2          

        CLASS   BANK3          

        CLASS   RAM            

        CLASS   ABS1           
                abs_s1                               7E       7E        2         1

        CLASS   COMMON         
                cstackCOMMON                         70       70        D         1

        CLASS   SFR0           

        CLASS   SFR1           

        CLASS   SFR2           

        CLASS   SFR3           

        CLASS   CONFIG         
                config                             2007     2007        1         0

        CLASS   IDLOC          

        CLASS   EEDATA         



SEGMENTS        Name                           Load    Length   Top    Selector   Space  Class     Delta

                reset_vec                      000000  000003  000003         0       0  CODE        2
                bssBANK0                       000020  00000B  00002B        20       1  BANK0       1
                cstackCOMMON                   000070  00000D  00007D        70       1  COMMON      1
                cinit                          0005F0  00000B  0005FB       BE0       0  CODE        2
                text168                        0005FB  00000F  00060A       BF6       0  CODE        2
                text169                        00060A  000021  00062B       C14       0  CODE        2
                maintext                       00062B  00002E  000659       C56       0  CODE        2
                text167                        000659  000074  0006CD       CB2       0  CODE        2
                text166                        0006CD  000133  000800       D9A       0  CODE        2
                config                         002007  000001  002008      400E       0  CONFIG      2


UNUSED ADDRESS RANGES

        Name                Unused          Largest block    Delta
        BANK0            002B-006F             45           1
        BANK1            00A0-00EF             50           1
        BANK2            0110-016F             60           1
        BANK3            0190-01EF             60           1
        CODE             0003-05EF            5ED           2
                         0800-1FFF            800
        COMMON           007D-007D              1           1
        CONST            0003-05EF            100           2
                         0800-1FFF            100
        EEDATA           2100-21FF            100           2
        ENTRY            0003-05EF            100           2
                         0800-1FFF            100
        IDLOC            2000-2003              4           2
        RAM              002B-006F             45           1
                         00A0-00EF             50
                         0110-016F             60
                         0190-01EF             60
        SFR0             0000-001F             20           1
        SFR1             0080-009F             20           1
        SFR2             0100-010F             10           1
        SFR3             0180-018F             10           1
        STRCODE          0003-05EF            5ED           2
                         0800-1FFF           1800
        STRING           0003-05EF            100           2
                         0800-1FFF            100

                                  Symbol Table

??_DelayMs            cstackCOMMON 0070
??___awdiv            cstackCOMMON 0074
??_getkey             cstackCOMMON 0079
??_main               cstackCOMMON 007C
??_startMotor         cstackCOMMON 0070
?_DelayMs             cstackCOMMON 0070
?___awdiv             cstackCOMMON 0070
?_getkey              cstackCOMMON 0070
?_main                cstackCOMMON 0070
?_startMotor          cstackCOMMON 0070
DelayMs@_dcnt         cstackCOMMON 0073
DelayMs@cnt           cstackCOMMON 0071
DelayMs@i             cstackCOMMON 0072
_ADCON1               (abs)        009F
_CARRY                (abs)        0018
_Chkey                bssBANK0     0026
_DelayMs              text169      060A
_EEADR                (abs)        010D
_EECON1               (abs)        018C
_EECON2               (abs)        018D
_EEDATA               (abs)        010C
_GIE                  (abs)        005F
_PORTB                (abs)        0006
_PORTC                (abs)        0007
_PORTD                (abs)        0008
_RC5                  (abs)        003D
_RC6                  (abs)        003E
_RC7                  (abs)        003F
_RD                   (abs)        0C60
_RE0                  (abs)        0048
_RE1                  (abs)        0049
_RE2                  (abs)        004A
_TRISB                (abs)        0086
_TRISC                (abs)        0087
_TRISE                (abs)        0089
_WR                   (abs)        0C61
_WREN                 (abs)        0C62
__Habs1               abs1         0000
__Hbank0              bank0        0000
__Hbank1              bank1        0000
__Hbank2              bank2        0000
__Hbank3              bank3        0000
__HbssBANK0           bssBANK0     0000
__Hcinit              cinit        0000
__Hclrtext            clrtext      0000
__Hcode               code         0000
__Hcommon             common       0000
__Hconfig             config       2008
__HcstackBANK0        cstackBANK0  0000
__HcstackCOMMON       cstackCOMMON 0000
__Heeprom_data        eeprom_data  0000
__Hend_init           end_init     0003
__Hfunctab            functab      0000
__Hidloc              idloc        0000
__Hinit               init         0000
__Hintentry           intentry     0000
__Hmaintext           maintext     0000
__Hpowerup            powerup      0000
__Hram                ram          0000
__Hreset_vec          reset_vec    0000
__Hsfr0               sfr0         0000
__Hsfr1               sfr1         0000
__Hsfr2               sfr2         0000
__Hsfr3               sfr3         0000
__Hstrings            strings      0000
__Htext               text         0000
__Labs1               abs1         0000
__Lbank0              bank0        0000
__Lbank1              bank1        0000
__Lbank2              bank2        0000
__Lbank3              bank3        0000
__LbssBANK0           bssBANK0     0000
__Lcinit              cinit        0000
__Lclrtext            clrtext      0000
__Lcode               code         0000
__Lcommon             common       0000
__Lconfig             config       2007
__LcstackBANK0        cstackBANK0  0000
__LcstackCOMMON       cstackCOMMON 0000
__Leeprom_data        eeprom_data  0000
__Lend_init           end_init     0000
__Lfunctab            functab      0000
__Lidloc              idloc        0000
__Linit               init         0000
__Lintentry           intentry     0000
__Lmaintext           maintext     0000
__Lpowerup            powerup      0000
__Lram                ram          0000
__Lreset_vec          reset_vec    0000
__Lsfr0               sfr0         0000
__Lsfr1               sfr1         0000
__Lsfr2               sfr2         0000
__Lsfr3               sfr3         0000
__Lstrings            strings      0000
__Ltext               text         0000
__S0                  (abs)        2008
__S1                  (abs)        007D
__S2                  (abs)        0000
___awdiv              text167      0659
___awdiv@counter      cstackCOMMON 0075
___awdiv@dividend     cstackCOMMON 0072
___awdiv@divisor      cstackCOMMON 0070
___awdiv@quotient     cstackCOMMON 0077
___awdiv@sign         cstackCOMMON 0076
__end_of_DelayMs      text169      062B
__end_of___awdiv      text167      06CD
__end_of_getkey       text166      0800
__end_of_main         maintext     0659
__end_of_startMotor   text168      060A
__pbssBANK0           bssBANK0     0020
__pcstackBANK0        cstackBANK0  0027
__pcstackCOMMON       cstackCOMMON 0070
__pmaintext           maintext     062B
__ptext165            text165      0000
__ptext166            text166      06CD
__ptext167            text167      0659
__ptext168            text168      05FB
__ptext169            text169      060A
__ptext170            text170      0000
__size_of_DelayMs     (abs)        0000
__size_of___awdiv     (abs)        0000
__size_of_getkey      (abs)        0000
__size_of_main        (abs)        0000
__size_of_startMotor  (abs)        0000
_col                  bssBANK0     0020
_exit                 init         0000
_getkey               text166      06CD
_main                 maintext     062B
_nRBPU                (abs)        040F
_pressed_key          bssBANK0     0022
_row                  bssBANK0     0024
_startMotor           text168      05FB
btemp                 (abs)        007E
end_of_initialization cinit        05F7
getkey@colVar         cstackBANK0  0029
getkey@flag           cstackBANK0  0027
getkey@rowVar         cstackBANK0  002A
intlevel0             functab      0000
intlevel1             functab      0000
intlevel2             functab      0000
intlevel3             functab      0000
intlevel4             functab      0000
intlevel5             functab      0000
reset_vec             reset_vec    0000
start                 init         0000
start_initialization  cinit        05F0
wtemp0                (abs)        007E
