HI-TECH Software C Compiler 

Linker command line:

--edf=C:\Program Files (x86)\HI-TECH Software\PICC\9.83\dat\en_msgs.txt -cs \
  -h+midterm1182972.sym -z -Q16F877A -ol.obj -Mmidterm1182972.map -E1 \
  -ACONST=00h-0FFhx32 -ACODE=00h-07FFhx4 -ASTRCODE=00h-01FFFh \
  -AENTRY=00h-0FFhx32 -ASTRING=00h-0FFhx32 -ABANK0=020h-06Fh \
  -ABANK1=0A0h-0EFh -ABANK2=0110h-016Fh -ABANK3=0190h-01EFh \
  -ARAM=020h-06Fh,0A0h-0EFh,0110h-016Fh,0190h-01EFh \
  -AABS1=020h-07Fh,0A0h-0EFh,0110h-016Fh,0190h-01EFh -ACOMMON=070h-07Fh \
  -ASFR0=00h-01Fh -ASFR1=080h-09Fh -ASFR2=0100h-010Fh -ASFR3=0180h-018Fh \
  -preset_vec=00h,intentry=04h,init,end_init -ppowerup=CODE -pfunctab=CODE \
  -ACONFIG=02007h-02007h -pconfig=CONFIG -DCONFIG=2 -AIDLOC=02000h-02003h \
  -pidloc=IDLOC -DIDLOC=2 -AEEDATA=00h-0FFh/02100h -peeprom_data=EEDATA \
  -DEEDATA=2 -DCODE=2 -DSTRCODE=2 -DSTRING=2 -DCONST=2 -DENTRY=2 -k \
  startup.obj midterm1182972.obj 

Object code version is 3.10

Machine type is 16F877A



                Name                               Link     Load   Length Selector   Space Scale
startup.obj     end_init                             12       12        3        8       0
                reset_vec                             0        0        3        0       0
midterm1182972.obj
                intentry                              4        4        E        8       0
                config                             2007     2007        1     400E       0
                text386                             326      326       21      3AA       0
                text385                             296      296       25      3AA       0
                text384                             385      385        C      3AA       0
                text383                             2DF      2DF       24      3AA       0
                text382                             375      375       10      3AA       0
                text381                              15       15      11B        8       0
                text380                             303      303       23      3AA       0
                text379                             271      271       25      3AA       0
                text378                             1D5      1D5       59      3AA       0
                text377                             365      365       10      3AA       0
                text376                             2BB      2BB       24      3AA       0
                text375                             22E      22E       43      3AA       0
                maintext                            391      391        A      3AA       0
                cstackBANK0                          46       46        A       20       1
                cstackCOMMON                         70       70        9       70       1
                clrtext                             39B      39B        8      3AA       0
                dataBANK0                            50       50        2       20       1
                bssBANK0                             20       20       26       20       1
                bssCOMMON                            79       79        5       70       1
                cinit                               347      347       1E      3AA       0
                strings                             130      130       A5      260       0
                idataBANK0                          3A3      3A3        2      3AA       0

TOTAL           Name                               Link     Load   Length     Space
        CLASS   CONST          

        CLASS   CODE           
                end_init                             12       12        3         0
                intentry                              4        4        E         0
                reset_vec                             0        0        3         0
                text386                             326      326       21         0
                text385                             296      296       25         0
                text384                             385      385        C         0
                text383                             2DF      2DF       24         0
                text382                             375      375       10         0
                text381                              15       15      11B         0
                text380                             303      303       23         0
                text379                             271      271       25         0
                text378                             1D5      1D5       59         0
                text377                             365      365       10         0
                text376                             2BB      2BB       24         0
                text375                             22E      22E       43         0
                maintext                            391      391        A         0
                clrtext                             39B      39B        8         0
                cinit                               347      347       1E         0
                idataBANK0                          3A3      3A3        2         0

        CLASS   STRCODE        

        CLASS   ENTRY          

        CLASS   STRING         
                strings                             130      130       A5         0

        CLASS   BANK0          
                cstackBANK0                          46       46        A         1
                dataBANK0                            50       50        2         1
                bssBANK0                             20       20       26         1

        CLASS   BANK1          

        CLASS   BANK2          

        CLASS   BANK3          

        CLASS   RAM            

        CLASS   ABS1           
                abs_s1                               7E       7E        2         1

        CLASS   COMMON         
                cstackCOMMON                         70       70        9         1
                bssCOMMON                            79       79        5         1

        CLASS   SFR0           

        CLASS   SFR1           

        CLASS   SFR2           

        CLASS   SFR3           

        CLASS   CONFIG         
                config                             2007     2007        1         0

        CLASS   IDLOC          

        CLASS   EEDATA         



SEGMENTS        Name                           Load    Length   Top    Selector   Space  Class     Delta

                reset_vec                      000000  000003  000003         0       0  CODE        2
                intentry                       000004  00012C  000130         8       0  CODE        2
                bssBANK0                       000020  000032  000052        20       1  BANK0       1
                cstackCOMMON                   000070  00000E  00007E        70       1  COMMON      1
                strings                        000130  0000A5  0001D5       260       0  STRING      2
                text378                        0001D5  0001D0  0003A5       3AA       0  CODE        2
                config                         002007  000001  002008      400E       0  CONFIG      2


UNUSED ADDRESS RANGES

        Name                Unused          Largest block    Delta
        BANK0            0052-006F             1E           1
        BANK1            00A0-00EF             50           1
        BANK2            0110-016F             60           1
        BANK3            0190-01EF             60           1
        CODE             0003-0003              1           2
                         03A5-1FFF            800
        CONST            0003-0003              1           2
                         03A5-1FFF            100
        EEDATA           2100-21FF            100           2
        ENTRY            0003-0003              1           2
                         03A5-1FFF            100
        IDLOC            2000-2003              4           2
        RAM              0052-006F             1E           1
                         00A0-00EF             50
                         0110-016F             60
                         0190-01EF             60
        SFR0             0000-001F             20           1
        SFR1             0080-009F             20           1
        SFR2             0100-010F             10           1
        SFR3             0180-018F             10           1
        STRCODE          0003-0003              1           2
                         03A5-1FFF           1C5B
        STRING           0003-0003              1           2
                         03A5-1FFF            100

                                  Symbol Table

??_DelayMs               cstackBANK0  0046
??_DelaySec              cstackBANK0  004C
??_IntVector             cstackCOMMON 0075
??_initialise_set        cstackBANK0  004F
??_lcd_clear             cstackBANK0  004A
??_lcd_goto              cstackCOMMON 0073
??_lcd_init              cstackBANK0  004A
??_lcd_puts              cstackCOMMON 0073
??_lcd_write             cstackBANK0  0046
??_main                  cstackBANK0  0050
??i1_DelayMs             cstackCOMMON 0070
??i1_lcd_clear           cstackCOMMON 0074
??i1_lcd_write           cstackCOMMON 0070
?_DelayMs                cstackCOMMON 0070
?_DelaySec               cstackBANK0  004A
?_IntVector              cstackCOMMON 0070
?_initialise_set         cstackCOMMON 0070
?_lcd_clear              cstackCOMMON 0070
?_lcd_goto               cstackCOMMON 0070
?_lcd_init               cstackCOMMON 0070
?_lcd_puts               cstackCOMMON 0070
?_lcd_write              cstackCOMMON 0070
?_main                   cstackCOMMON 0070
?i1_DelayMs              cstackCOMMON 0070
?i1_lcd_clear            cstackCOMMON 0070
?i1_lcd_write            cstackCOMMON 0070
DelayMs@_dcnt            cstackBANK0  0049
DelayMs@cnt              cstackBANK0  0047
DelayMs@i                cstackBANK0  0048
DelaySec@i               cstackBANK0  004D
DelaySec@sec             cstackBANK0  004A
_ADCON0                  (abs)        001F
_ADCON1                  (abs)        009F
_ADON                    (abs)        00F8
_ADRESH                  (abs)        001E
_CARRY                   (abs)        0018
_CCP1CON                 (abs)        0017
_CCPR1L                  (abs)        0015
_Chkey                   bssCOMMON    007D
_DelayMs                 text380      0303
_DelaySec                text376      02BB
_EEADR                   (abs)        010D
_EECON1                  (abs)        018C
_EECON2                  (abs)        018D
_EEDATA                  (abs)        010C
_GIE                     (abs)        005F
_GO_nDONE                (abs)        00FA
_INTCON                  (abs)        000B
_INTE                    (abs)        005C
_INTF                    (abs)        0059
_IntVector               text381      0015
_PEIE                    (abs)        005E
_PORTB                   (abs)        0006
_PORTC                   (abs)        0007
_PORTD                   (abs)        0008
_PR2                     (abs)        0092
_RB4                     (abs)        0034
_RB5                     (abs)        0035
_RB6                     (abs)        0036
_RBIE                    (abs)        005B
_RBIF                    (abs)        0058
_RC3                     (abs)        003B
_RC4                     (abs)        003C
_RC5                     (abs)        003D
_RC6                     (abs)        003E
_RD                      (abs)        0C60
_RE0                     (abs)        0048
_RE1                     (abs)        0049
_RE2                     (abs)        004A
_T0IE                    (abs)        005D
_T1CKPS0                 (abs)        0084
_T1CKPS1                 (abs)        0085
_T1SYNC                  (abs)        0082
_T2CON                   (abs)        0012
_TMR1CS                  (abs)        0081
_TMR1H                   (abs)        000F
_TMR1IE                  (abs)        0460
_TMR1IF                  (abs)        0060
_TMR1L                   (abs)        000E
_TMR1ON                  (abs)        0080
_TRISA                   (abs)        0085
_TRISB                   (abs)        0086
_TRISC                   (abs)        0087
_TRISD                   (abs)        0088
_TRISE                   (abs)        0089
_WR                      (abs)        0C61
_WREN                    (abs)        0C62
__Habs1                  abs1         0000
__Hbank0                 bank0        0000
__Hbank1                 bank1        0000
__Hbank2                 bank2        0000
__Hbank3                 bank3        0000
__HbssBANK0              bssBANK0     0000
__HbssCOMMON             bssCOMMON    0000
__Hcinit                 cinit        0000
__Hclrtext               clrtext      0000
__Hcode                  code         0000
__Hcommon                common       0000
__Hconfig                config       2008
__HcstackBANK0           cstackBANK0  0000
__HcstackCOMMON          cstackCOMMON 0000
__HdataBANK0             dataBANK0    0000
__Heeprom_data           eeprom_data  0000
__Hend_init              end_init     0015
__Hfunctab               functab      0000
__HidataBANK0            idataBANK0   0000
__Hidloc                 idloc        0000
__Hinit                  init         0012
__Hintentry              intentry     0012
__Hmaintext              maintext     0000
__Hpowerup               powerup      0000
__Hram                   ram          0000
__Hreset_vec             reset_vec    0003
__Hsfr0                  sfr0         0000
__Hsfr1                  sfr1         0000
__Hsfr2                  sfr2         0000
__Hsfr3                  sfr3         0000
__Hstrings               strings      0000
__Htext                  text         0000
__Labs1                  abs1         0000
__Lbank0                 bank0        0000
__Lbank1                 bank1        0000
__Lbank2                 bank2        0000
__Lbank3                 bank3        0000
__LbssBANK0              bssBANK0     0000
__LbssCOMMON             bssCOMMON    0000
__Lcinit                 cinit        0000
__Lclrtext               clrtext      0000
__Lcode                  code         0000
__Lcommon                common       0000
__Lconfig                config       2007
__LcstackBANK0           cstackBANK0  0000
__LcstackCOMMON          cstackCOMMON 0000
__LdataBANK0             dataBANK0    0000
__Leeprom_data           eeprom_data  0000
__Lend_init              end_init     0012
__Lfunctab               functab      0000
__LidataBANK0            idataBANK0   0000
__Lidloc                 idloc        0000
__Linit                  init         0012
__Lintentry              intentry     0004
__Lmaintext              maintext     0000
__Lpowerup               powerup      0000
__Lram                   ram          0000
__Lreset_vec             reset_vec    0000
__Lsfr0                  sfr0         0000
__Lsfr1                  sfr1         0000
__Lsfr2                  sfr2         0000
__Lsfr3                  sfr3         0000
__Lstrings               strings      0000
__Ltext                  text         0000
__S0                     (abs)        2008
__S1                     (abs)        007E
__S2                     (abs)        0000
__end_of_DelayMs         text380      0326
__end_of_DelaySec        text376      02DF
__end_of_IntVector       text381      0130
__end_of_initialise_set  text375      0271
__end_of_lcd_clear       text377      0375
__end_of_lcd_goto        text384      0391
__end_of_lcd_init        text378      022E
__end_of_lcd_puts        text383      0303
__end_of_lcd_write       text379      0296
__end_of_main            maintext     039B
__end_ofi1_DelayMs       text386      0347
__end_ofi1_lcd_clear     text382      0385
__end_ofi1_lcd_write     text385      02BB
__pbssBANK0              bssBANK0     0020
__pbssCOMMON             bssCOMMON    0079
__pcstackBANK0           cstackBANK0  0046
__pcstackCOMMON          cstackCOMMON 0070
__pdataBANK0             dataBANK0    0050
__pidataBANK0            idataBANK0   03A3
__pintentry              intentry     0004
__pmaintext              maintext     0391
__pstrings               strings      0130
__ptext375               text375      022E
__ptext376               text376      02BB
__ptext377               text377      0365
__ptext378               text378      01D5
__ptext379               text379      0271
__ptext380               text380      0303
__ptext381               text381      0015
__ptext382               text382      0375
__ptext383               text383      02DF
__ptext384               text384      0385
__ptext385               text385      0296
__ptext386               text386      0326
__ptext387               text387      0000
__size_of_DelayMs        (abs)        0000
__size_of_DelaySec       (abs)        0000
__size_of_IntVector      (abs)        0000
__size_of_initialise_set (abs)        0000
__size_of_lcd_clear      (abs)        0000
__size_of_lcd_goto       (abs)        0000
__size_of_lcd_init       (abs)        0000
__size_of_lcd_puts       (abs)        0000
__size_of_lcd_write      (abs)        0000
__size_of_main           (abs)        0000
__size_ofi1_DelayMs      (abs)        0000
__size_ofi1_lcd_clear    (abs)        0000
__size_ofi1_lcd_write    (abs)        0000
_adc_value1              bssBANK0     0020
_adc_value2              bssBANK0     0023
_adc_value3              bssBANK0     0026
_adc_value4              bssBANK0     0029
_adc_value5              bssBANK0     002C
_col                     bssBANK0     002F
_d1Counter               bssBANK0     0031
_d2Counter               bssBANK0     0033
_errno                   bssBANK0     0035
_exit                    init         0012
_id                      dataBANK0    0050
_initialise_set          text375      022E
_lcd_clear               text377      0365
_lcd_goto                text384      0385
_lcd_init                text378      01D5
_lcd_puts                text383      02DF
_lcd_write               text379      0271
_main                    maintext     0391
_motor_state1            bssCOMMON    0079
_motor_state2            bssCOMMON    007B
_nRBPU                   (abs)        040F
_op                      bssBANK0     0045
_pressed_key             bssBANK0     0037
_pulse_width_value       bssBANK0     0039
_row                     bssBANK0     003B
_start_displaying        bssBANK0     003D
_timer0_value            bssBANK0     003F
_x1                      bssBANK0     0041
_x2                      bssBANK0     0043
btemp                    (abs)        007E
clear_ram                clrtext      039B
end_of_initialization    cinit        0361
exp@coeff                strings      0136
i1DelayMs@_dcnt          cstackCOMMON 0073
i1DelayMs@cnt            cstackCOMMON 0071
i1DelayMs@i              cstackCOMMON 0072
i1_DelayMs               text386      0326
i1_lcd_clear             text382      0375
i1_lcd_write             text385      0296
i1lcd_write@_dcnt        cstackCOMMON 0071
i1lcd_write@c            cstackCOMMON 0072
interrupt_function       intentry     0004
intlevel0                functab      0000
intlevel1                functab      0000
intlevel2                functab      0000
intlevel3                functab      0000
intlevel4                functab      0000
intlevel5                functab      0000
lcd_goto@pos             cstackCOMMON 0073
lcd_init@_dcnt           cstackBANK0  004B
lcd_init@_dcnt_2146      cstackBANK0  004C
lcd_puts@s               cstackCOMMON 0074
lcd_write@_dcnt          cstackBANK0  0047
lcd_write@c              cstackBANK0  0048
log@coeff                strings      0154
reset_vec                reset_vec    0000
saved_w                  (abs)        007E
start                    init         0012
start_initialization     cinit        0347
wtemp0                   (abs)        007E
