HI-TECH Software C Compiler 

Linker command line:

--edf=C:\Program Files (x86)\HI-TECH Software\PICC\9.83\dat\en_msgs.txt -cs \
  -h+lcdDemo.sym -z -Q16F877A -ol.obj -MlcdDemo.map -E1 -ACONST=00h-0FFhx32 \
  -ACODE=00h-07FFhx4 -ASTRCODE=00h-01FFFh -AENTRY=00h-0FFhx32 \
  -ASTRING=00h-0FFhx32 -ABANK0=020h-06Fh -ABANK1=0A0h-0EFh \
  -ABANK2=0110h-016Fh -ABANK3=0190h-01EFh \
  -ARAM=020h-06Fh,0A0h-0EFh,0110h-016Fh,0190h-01EFh \
  -AABS1=020h-07Fh,0A0h-0EFh,0110h-016Fh,0190h-01EFh -ACOMMON=070h-07Fh \
  -ASFR0=00h-01Fh -ASFR1=080h-09Fh -ASFR2=0100h-010Fh -ASFR3=0180h-018Fh \
  -preset_vec=00h,intentry,init,end_init -ppowerup=CODE -pfunctab=CODE \
  -ACONFIG=02007h-02007h -pconfig=CONFIG -DCONFIG=2 -AIDLOC=02000h-02003h \
  -pidloc=IDLOC -DIDLOC=2 -AEEDATA=00h-0FFh/02100h -peeprom_data=EEDATA \
  -DEEDATA=2 -DCODE=2 -DSTRCODE=2 -DSTRING=2 -DCONST=2 -DENTRY=2 -k \
  startup.obj lcdDemo.obj 

Object code version is 3.10

Machine type is 16F877A



                Name                               Link     Load   Length Selector   Space Scale
startup.obj     end_init                              0        0        3        0       0
lcdDemo.obj     config                             2007     2007        1     400E       0
                text153                             709      709       21      E12       0
                text152                             74E      74E       25      E9C       0
                text151                             6B9      6B9       10      D72       0
                text150                             72A      72A       24      E54       0
                text149                             6AD      6AD        C      D5A       0
                text148                             7A5      7A5       5B      F4A       0
                text147                             6C9      6C9       20      D92       0
                text146                             6E9      6E9       20      DD2       0
                maintext                            773      773       32      EE6       0
                cstackCOMMON                         70       70        9       70       1
                cinit                               6A9      6A9        4      D52       0
                strings                               3        3       30        6       0

TOTAL           Name                               Link     Load   Length     Space
        CLASS   CONST          

        CLASS   CODE           
                end_init                              0        0        3         0
                text153                             709      709       21         0
                text152                             74E      74E       25         0
                text151                             6B9      6B9       10         0
                text150                             72A      72A       24         0
                text149                             6AD      6AD        C         0
                text148                             7A5      7A5       5B         0
                text147                             6C9      6C9       20         0
                text146                             6E9      6E9       20         0
                maintext                            773      773       32         0
                cinit                               6A9      6A9        4         0

        CLASS   STRCODE        

        CLASS   ENTRY          

        CLASS   STRING         
                strings                               3        3       30         0

        CLASS   BANK0          

        CLASS   BANK1          

        CLASS   BANK2          

        CLASS   BANK3          

        CLASS   RAM            

        CLASS   ABS1           
                abs_s1                               7E       7E        2         1

        CLASS   COMMON         
                cstackCOMMON                         70       70        9         1

        CLASS   SFR0           

        CLASS   SFR1           

        CLASS   SFR2           

        CLASS   SFR3           

        CLASS   CONFIG         
                config                             2007     2007        1         0

        CLASS   IDLOC          

        CLASS   EEDATA         



SEGMENTS        Name                           Load    Length   Top    Selector   Space  Class     Delta

                reset_vec                      000000  000003  000003         0       0  CODE        2
                strings                        000003  000030  000033         6       0  STRING      2
                cstackCOMMON                   000070  000009  000079        70       1  COMMON      1
                cinit                          0006A9  000004  0006AD       D52       0  CODE        2
                text149                        0006AD  00000C  0006B9       D5A       0  CODE        2
                text151                        0006B9  000010  0006C9       D72       0  CODE        2
                text147                        0006C9  000020  0006E9       D92       0  CODE        2
                text146                        0006E9  000020  000709       DD2       0  CODE        2
                text153                        000709  000021  00072A       E12       0  CODE        2
                text150                        00072A  000024  00074E       E54       0  CODE        2
                text152                        00074E  000025  000773       E9C       0  CODE        2
                maintext                       000773  000032  0007A5       EE6       0  CODE        2
                text148                        0007A5  00005B  000800       F4A       0  CODE        2
                config                         002007  000001  002008      400E       0  CONFIG      2


UNUSED ADDRESS RANGES

        Name                Unused          Largest block    Delta
        BANK0            0020-006F             50           1
        BANK1            00A0-00EF             50           1
        BANK2            0110-016F             60           1
        BANK3            0190-01EF             60           1
        CODE             0033-06A8            676           2
                         0800-1FFF            800
        COMMON           0079-007D              5           1
        CONST            0033-06A8            100           2
                         0800-1FFF            100
        EEDATA           2100-21FF            100           2
        ENTRY            0033-06A8            100           2
                         0800-1FFF            100
        IDLOC            2000-2003              4           2
        RAM              0020-006F             50           1
                         00A0-00EF             50
                         0110-016F             60
                         0190-01EF             60
        SFR0             0000-001F             20           1
        SFR1             0080-009F             20           1
        SFR2             0100-010F             10           1
        SFR3             0180-018F             10           1
        STRCODE          0033-06A8            676           2
                         0800-1FFF           1800
        STRING           0033-06A8            100           2
                         0800-1FFF            100

                                  Symbol Table

??_DelayMs                  cstackCOMMON 0070
??_DelaySec                 cstackCOMMON 0076
??_displayTwoLines          cstackCOMMON 0077
??_lcd_clear                cstackCOMMON 0074
??_lcd_goto                 cstackCOMMON 0073
??_lcd_init                 cstackCOMMON 0074
??_lcd_puts                 cstackCOMMON 0073
??_lcd_write                cstackCOMMON 0070
??_main                     cstackCOMMON 0079
?_DelayMs                   cstackCOMMON 0070
?_DelaySec                  cstackCOMMON 0074
?_displayTwoLines           cstackCOMMON 0075
?_lcd_clear                 cstackCOMMON 0070
?_lcd_goto                  cstackCOMMON 0070
?_lcd_init                  cstackCOMMON 0070
?_lcd_puts                  cstackCOMMON 0070
?_lcd_write                 cstackCOMMON 0070
?_main                      cstackCOMMON 0070
DelayMs@_dcnt               cstackCOMMON 0073
DelayMs@cnt                 cstackCOMMON 0071
DelayMs@i                   cstackCOMMON 0072
DelaySec@i                  cstackCOMMON 0077
DelaySec@sec                cstackCOMMON 0074
_ADCON1                     (abs)        009F
_CARRY                      (abs)        0018
_DelayMs                    text153      0709
_DelaySec                   text147      06C9
_EEADR                      (abs)        010D
_EECON1                     (abs)        018C
_EECON2                     (abs)        018D
_EEDATA                     (abs)        010C
_GIE                        (abs)        005F
_PORTD                      (abs)        0008
_RD                         (abs)        0C60
_RE0                        (abs)        0048
_RE1                        (abs)        0049
_TRISA                      (abs)        0085
_TRISB                      (abs)        0086
_TRISD                      (abs)        0088
_TRISE                      (abs)        0089
_WR                         (abs)        0C61
_WREN                       (abs)        0C62
__Habs1                     abs1         0000
__Hbank0                    bank0        0000
__Hbank1                    bank1        0000
__Hbank2                    bank2        0000
__Hbank3                    bank3        0000
__Hcinit                    cinit        0000
__Hclrtext                  clrtext      0000
__Hcode                     code         0000
__Hcommon                   common       0000
__Hconfig                   config       2008
__HcstackCOMMON             cstackCOMMON 0000
__Heeprom_data              eeprom_data  0000
__Hend_init                 end_init     0003
__Hfunctab                  functab      0000
__Hidloc                    idloc        0000
__Hinit                     init         0000
__Hintentry                 intentry     0000
__Hmaintext                 maintext     0000
__Hpowerup                  powerup      0000
__Hram                      ram          0000
__Hreset_vec                reset_vec    0000
__Hsfr0                     sfr0         0000
__Hsfr1                     sfr1         0000
__Hsfr2                     sfr2         0000
__Hsfr3                     sfr3         0000
__Hstrings                  strings      0000
__Htext                     text         0000
__Labs1                     abs1         0000
__Lbank0                    bank0        0000
__Lbank1                    bank1        0000
__Lbank2                    bank2        0000
__Lbank3                    bank3        0000
__Lcinit                    cinit        0000
__Lclrtext                  clrtext      0000
__Lcode                     code         0000
__Lcommon                   common       0000
__Lconfig                   config       2007
__LcstackCOMMON             cstackCOMMON 0000
__Leeprom_data              eeprom_data  0000
__Lend_init                 end_init     0000
__Lfunctab                  functab      0000
__Lidloc                    idloc        0000
__Linit                     init         0000
__Lintentry                 intentry     0000
__Lmaintext                 maintext     0000
__Lpowerup                  powerup      0000
__Lram                      ram          0000
__Lreset_vec                reset_vec    0000
__Lsfr0                     sfr0         0000
__Lsfr1                     sfr1         0000
__Lsfr2                     sfr2         0000
__Lsfr3                     sfr3         0000
__Lstrings                  strings      0000
__Ltext                     text         0000
__S0                        (abs)        2008
__S1                        (abs)        0079
__S2                        (abs)        0000
__end_of_DelayMs            text153      072A
__end_of_DelaySec           text147      06E9
__end_of_displayTwoLines    text146      0709
__end_of_lcd_clear          text151      06C9
__end_of_lcd_goto           text149      06B9
__end_of_lcd_init           text148      0800
__end_of_lcd_puts           text150      074E
__end_of_lcd_write          text152      0773
__end_of_main               maintext     07A5
__pcstackCOMMON             cstackCOMMON 0070
__pmaintext                 maintext     0773
__pstrings                  strings      0003
__ptext145                  text145      0000
__ptext146                  text146      06E9
__ptext147                  text147      06C9
__ptext148                  text148      07A5
__ptext149                  text149      06AD
__ptext150                  text150      072A
__ptext151                  text151      06B9
__ptext152                  text152      074E
__ptext153                  text153      0709
__ptext154                  text154      0000
__size_of_DelayMs           (abs)        0000
__size_of_DelaySec          (abs)        0000
__size_of_displayTwoLines   (abs)        0000
__size_of_lcd_clear         (abs)        0000
__size_of_lcd_goto          (abs)        0000
__size_of_lcd_init          (abs)        0000
__size_of_lcd_puts          (abs)        0000
__size_of_lcd_write         (abs)        0000
__size_of_main              (abs)        0000
_displayTwoLines            text146      06E9
_exit                       init         0000
_lcd_clear                  text151      06B9
_lcd_goto                   text149      06AD
_lcd_init                   text148      07A5
_lcd_puts                   text150      072A
_lcd_write                  text152      074E
_main                       maintext     0773
btemp                       (abs)        007E
displayTwoLines@line_length cstackCOMMON 0075
displayTwoLines@word        cstackCOMMON 0077
end_of_initialization       cinit        06A9
intlevel0                   functab      0000
intlevel1                   functab      0000
intlevel2                   functab      0000
intlevel3                   functab      0000
intlevel4                   functab      0000
intlevel5                   functab      0000
lcd_goto@pos                cstackCOMMON 0073
lcd_init@_dcnt              cstackCOMMON 0075
lcd_init@_dcnt_1244         cstackCOMMON 0076
lcd_puts@s                  cstackCOMMON 0074
lcd_write@_dcnt             cstackCOMMON 0071
lcd_write@c                 cstackCOMMON 0072
reset_vec                   reset_vec    0000
start                       init         0000
start_initialization        cinit        06A9
wtemp0                      (abs)        007E
